[W924 11:23:32.338804871 socket.cpp:764] [c10d] The client socket cannot be initialized to connect to [localhost]:29500 (errno: 97 - Address family not supported by protocol).
[W924 11:23:48.350482168 socket.cpp:764] [c10d] The client socket cannot be initialized to connect to [localhost]:29500 (errno: 97 - Address family not supported by protocol).
[W924 11:23:48.350554677 socket.cpp:764] [c10d] The client socket cannot be initialized to connect to [localhost]:29500 (errno: 97 - Address family not supported by protocol).
[W924 11:23:48.356945933 socket.cpp:764] [c10d] The client socket cannot be initialized to connect to [localhost]:29500 (errno: 97 - Address family not supported by protocol).
[W924 11:23:48.357080901 socket.cpp:764] [c10d] The client socket cannot be initialized to connect to [localhost]:29500 (errno: 97 - Address family not supported by protocol).
### MODE=fsdp world=4 {'dp_shard': 4, 'tp': 1, 'pp': 1} dp_size=4 batch/rank=2
### NVIDIA H200  torch 2.11.0+cu128  docs/seq=8
 seq_len    unpacked   sdpa+pack   flex+pack  flex/sdpa  sdpa_GB  flex_GB
--- Logging error ---
Traceback (most recent call last):
  File "/n/home02/tngotiaoco/KempnerForge/.venv/lib/python3.13/site-packages/torch/distributed/elastic/agent/server/api.py", line 731, in run
    result = self._invoke_run(role)
  File "/n/home02/tngotiaoco/KempnerForge/.venv/lib/python3.13/site-packages/torch/distributed/elastic/agent/server/api.py", line 908, in _invoke_run
    time.sleep(monitor_interval)
    ~~~~~~~~~~^^^^^^^^^^^^^^^^^^
  File "/n/home02/tngotiaoco/KempnerForge/.venv/lib/python3.13/site-packages/torch/distributed/elastic/multiprocessing/api.py", line 86, in _terminate_process_handler
    raise SignalException(f"Process {os.getpid()} got signal: {sigval}", sigval=sigval)
torch.distributed.elastic.multiprocessing.api.SignalException: Process 3790193 got signal: 15

During handling of the above exception, another exception occurred:

Traceback (most recent call last):
  File "/n/home02/tngotiaoco/.local/share/uv/python/cpython-3.13.5-linux-x86_64-gnu/lib/python3.13/logging/__init__.py", line 1151, in emit
    msg = self.format(record)
  File "/n/home02/tngotiaoco/.local/share/uv/python/cpython-3.13.5-linux-x86_64-gnu/lib/python3.13/logging/__init__.py", line 999, in format
    return fmt.format(record)
           ~~~~~~~~~~^^^^^^^^
  File "/n/home02/tngotiaoco/KempnerForge/.venv/lib/python3.13/site-packages/torch/_logging/_internal.py", line 954, in format
    artifact_name = getattr(logging.getLogger(record.name), "artifact_name", None)
                            ~~~~~~~~~~~~~~~~~^^^^^^^^^^^^^
  File "/n/home02/tngotiaoco/.local/share/uv/python/cpython-3.13.5-linux-x86_64-gnu/lib/python3.13/logging/__init__.py", line 2149, in getLogger
    return Logger.manager.getLogger(name)
           ~~~~~~~~~~~~~~~~~~~~~~~~^^^^^^
  File "/n/home02/tngotiaoco/.local/share/uv/python/cpython-3.13.5-linux-x86_64-gnu/lib/python3.13/logging/__init__.py", line 1362, in getLogger
    def getLogger(self, name):
    
  File "/n/home02/tngotiaoco/KempnerForge/.venv/lib/python3.13/site-packages/torch/distributed/elastic/multiprocessing/api.py", line 86, in _terminate_process_handler
    raise SignalException(f"Process {os.getpid()} got signal: {sigval}", sigval=sigval)
torch.distributed.elastic.multiprocessing.api.SignalException: Process 3790193 got signal: 15
Call stack:
  File "/n/home02/tngotiaoco/KempnerForge/.venv/bin/torchrun", line 10, in <module>
    sys.exit(main())
  File "/n/home02/tngotiaoco/KempnerForge/.venv/lib/python3.13/site-packages/torch/distributed/elastic/multiprocessing/errors/__init__.py", line 362, in wrapper
    return f(*args, **kwargs)
  File "/n/home02/tngotiaoco/KempnerForge/.venv/lib/python3.13/site-packages/torch/distributed/run.py", line 990, in main
    run(args)
  File "/n/home02/tngotiaoco/KempnerForge/.venv/lib/python3.13/site-packages/torch/distributed/run.py", line 981, in run
    elastic_launch(
  File "/n/home02/tngotiaoco/KempnerForge/.venv/lib/python3.13/site-packages/torch/distributed/launcher/api.py", line 170, in __call__
    return launch_agent(self._config, self._entrypoint, list(args))
  File "/n/home02/tngotiaoco/KempnerForge/.venv/lib/python3.13/site-packages/torch/distributed/launcher/api.py", line 308, in launch_agent
    result = agent.run()
  File "/n/home02/tngotiaoco/KempnerForge/.venv/lib/python3.13/site-packages/torch/distributed/elastic/metrics/api.py", line 134, in wrapper
    result = f(*args, **kwargs)
  File "/n/home02/tngotiaoco/KempnerForge/.venv/lib/python3.13/site-packages/torch/distributed/elastic/agent/server/api.py", line 739, in run
    logger.warning("Received %s death signal, shutting down workers", e.sigval)
Message: 'Received %s death signal, shutting down workers'
Arguments: (<Signals.SIGTERM: 15>,)
W0924 11:24:46.937000 3790193 /n/holylfs06/LABS/kempner_dev/Lab/tngotiaoco/uv-cache/archive-v0/b7A40-Sujsm8pUNST1hKE/torch/distributed/elastic/multiprocessing/api.py:1012] Sending process 3790215 closing signal SIGTERM
W0924 11:24:46.938000 3790193 /n/holylfs06/LABS/kempner_dev/Lab/tngotiaoco/uv-cache/archive-v0/b7A40-Sujsm8pUNST1hKE/torch/distributed/elastic/multiprocessing/api.py:1012] Sending process 3790216 closing signal SIGTERM
W0924 11:24:46.938000 3790193 /n/holylfs06/LABS/kempner_dev/Lab/tngotiaoco/uv-cache/archive-v0/b7A40-Sujsm8pUNST1hKE/torch/distributed/elastic/multiprocessing/api.py:1012] Sending process 3790217 closing signal SIGTERM
W0924 11:24:46.938000 3790193 /n/holylfs06/LABS/kempner_dev/Lab/tngotiaoco/uv-cache/archive-v0/b7A40-Sujsm8pUNST1hKE/torch/distributed/elastic/multiprocessing/api.py:1012] Sending process 3790218 closing signal SIGTERM
